
> repo-signal@0.1.0 build
> ASTRO_TELEMETRY_DISABLED=1 astro build

16:29:27 [types] Generated 14ms
16:29:27 [build] output: "static"
16:29:27 [build] mode: "static"
16:29:27 [build] directory: /Users/elvis/Desktop/repo-signal/dist/
16:29:27 [build] Collecting build info...
16:29:27 [build] ✓ Completed in 20ms.
16:29:27 [build] Building static entrypoints...
16:29:28 [vite] ✓ built in 108ms
16:29:28 [vite] ✓ built in 24ms
16:29:28 [build] Rearranging server assets...

 generating static routes 
16:29:28   ├─ /daily/2026-09-19/index.html (+67ms) 
16:29:28   ├─ /daily/2026-09-18/index.html (+58ms) 
16:29:28   ├─ /daily/2026-09-17/index.html (+59ms) 
16:29:28   ├─ /daily/2026-09-16/index.html (+57ms) 
16:29:28   ├─ /daily/2026-09-15/index.html (+63ms) 
16:29:28   ├─ /daily/2026-09-14/index.html (+59ms) 
16:29:28   ├─ /daily/2026-09-12/index.html (+56ms) 
16:29:28   ├─ /daily/2026-09-11/index.html (+58ms) 
16:29:28   ├─ /daily/2026-09-10/index.html (+56ms) 
16:29:28   ├─ /daily/2026-09-09/index.html (+57ms) 
16:29:28   ├─ /daily/2026-09-08/index.html (+59ms) 
16:29:28   ├─ /daily/2026-09-07/index.html (+59ms) 
16:29:28   ├─ /daily/2026-09-05/index.html (+58ms) 
16:29:29   ├─ /daily/2026-09-04/index.html (+58ms) 
16:29:29   ├─ /daily/2026-09-03/index.html (+62ms) 
16:29:29   ├─ /daily/2026-09-02/index.html (+62ms) 
16:29:29   ├─ /daily/2026-09-01/index.html (+58ms) 
16:29:29   ├─ /daily/2026-08-31/index.html (+58ms) 
16:29:29   ├─ /daily/2026-08-29/index.html (+77ms) 
16:29:29   ├─ /daily/2026-08-28/index.html (+58ms) 
16:29:29   ├─ /daily/2026-08-27/index.html (+56ms) 
16:29:29   ├─ /daily/2026-08-26/index.html (+57ms) 
16:29:29   ├─ /daily/2026-08-25/index.html (+55ms) 
16:29:29   ├─ /daily/2026-08-24/index.html (+56ms) 
16:29:29   ├─ /daily/2026-08-22/index.html (+57ms) 
16:29:29   ├─ /daily/2026-08-21/index.html (+55ms) 
16:29:29   ├─ /daily/2026-08-20/index.html (+56ms) 
16:29:29   ├─ /daily/2026-08-19/index.html (+55ms) 
16:29:29   ├─ /daily/2026-08-18/index.html (+58ms) 
16:29:29   ├─ /daily/2026-08-17/index.html (+58ms) 
16:29:30   ├─ /daily/2026-08-15/index.html (+56ms) 
16:29:30   ├─ /daily/2026-08-14/index.html (+57ms) 
16:29:30   ├─ /daily/2026-08-13/index.html (+56ms) 
16:29:30   ├─ /daily/2026-08-12/index.html (+57ms) 
16:29:30   ├─ /daily/2026-08-11/index.html (+60ms) 
16:29:30   ├─ /daily/2026-08-10/index.html (+55ms) 
16:29:30   ├─ /daily/2026-08-08/index.html (+56ms) 
16:29:30   ├─ /daily/2026-08-07/index.html (+59ms) 
16:29:30   ├─ /daily/2026-08-06/index.html (+58ms) 
16:29:30   ├─ /daily/2026-08-05/index.html (+57ms) 
16:29:30   ├─ /daily/2026-08-04/index.html (+55ms) 
16:29:30   ├─ /daily/2026-08-03/index.html (+74ms) 
16:29:30   ├─ /daily/2026-08-01/index.html (+61ms) 
16:29:30   ├─ /daily/2026-07-31/index.html (+58ms) 
16:29:30   ├─ /daily/2026-07-30/index.html (+57ms) 
16:29:30   ├─ /daily/2026-07-29/index.html (+55ms) 
16:29:30   ├─ /daily/2026-07-28/index.html (+58ms) 
16:29:30   ├─ /daily/2026-07-27/index.html (+62ms) 
16:29:31   ├─ /daily/2026-07-25/index.html (+61ms) 
16:29:31   ├─ /daily/2026-07-24/index.html (+58ms) 
16:29:31   ├─ /daily/2026-07-23/index.html (+56ms) 
16:29:31   ├─ /daily/2026-07-22/index.html (+58ms) 
16:29:31   ├─ /daily/2026-07-21/index.html (+58ms) 
16:29:31   ├─ /daily/2026-07-20/index.html (+56ms) 
16:29:31   ├─ /daily/2026-07-18/index.html (+57ms) 
16:29:31   ├─ /daily/2026-07-17/index.html (+59ms) 
16:29:31   ├─ /daily/2026-07-16/index.html (+57ms) 
16:29:31   ├─ /daily/2026-07-15/index.html (+57ms) 
16:29:31   ├─ /daily/2026-07-14/index.html (+60ms) 
16:29:31   ├─ /daily/2026-07-13/index.html (+73ms) 
16:29:31   ├─ /daily/2026-07-11/index.html (+58ms) 
16:29:31   ├─ /daily/2026-07-10/index.html (+56ms) 
16:29:31   ├─ /daily/2026-07-09/index.html (+57ms) 
16:29:31   ├─ /daily/2026-07-08/index.html (+57ms) 
16:29:31   ├─ /daily/2026-07-07/index.html (+58ms) 
16:29:32   ├─ /daily/2026-07-06/index.html (+63ms) 
16:29:32   ├─ /daily/2026-07-04/index.html (+57ms) 
16:29:32   ├─ /daily/2026-07-03/index.html (+57ms) 
16:29:32   ├─ /daily/2026-07-02/index.html (+57ms) 
16:29:32   ├─ /daily/2026-07-01/index.html (+55ms) 
16:29:32   ├─ /daily/2026-06-30/index.html (+58ms) 
16:29:32   ├─ /daily/2026-06-29/index.html (+58ms) 
16:29:32   ├─ /daily/index.html (+56ms) 
16:29:32   ├─ /feasibility/2026-09-19/index.html (+58ms) 
16:29:32   ├─ /feasibility/2026-09-18/index.html (+56ms) 
16:29:32   ├─ /feasibility/2026-09-17/index.html (+57ms) 
16:29:32   ├─ /feasibility/2026-09-16/index.html (+57ms) 
16:29:32   ├─ /feasibility/2026-09-15/index.html (+56ms) 
16:29:32   ├─ /feasibility/2026-09-14/index.html (+58ms) 
16:29:32   ├─ /feasibility/2026-09-13/index.html (+59ms) 
16:29:32   ├─ /feasibility/2026-09-12/index.html (+56ms) 
16:29:32   ├─ /feasibility/2026-09-11/index.html (+57ms) 
16:29:33   ├─ /feasibility/2026-09-10/index.html (+58ms) 
16:29:33   ├─ /feasibility/2026-09-09/index.html (+58ms) 
16:29:33   ├─ /feasibility/2026-09-08/index.html (+61ms) 
16:29:33   ├─ /feasibility/2026-09-07/index.html (+62ms) 
16:29:33   ├─ /feasibility/2026-09-06/index.html (+56ms) 
16:29:33   ├─ /feasibility/2026-09-05/index.html (+57ms) 
16:29:33   ├─ /feasibility/2026-09-04/index.html (+57ms) 
16:29:33   ├─ /feasibility/2026-09-03/index.html (+55ms) 
16:29:33   ├─ /feasibility/2026-09-02/index.html (+57ms) 
16:29:33   ├─ /feasibility/2026-09-01/index.html (+73ms) 
16:29:33   ├─ /feasibility/2026-08-31/index.html (+58ms) 
16:29:33   ├─ /feasibility/2026-08-30/index.html (+60ms) 
16:29:33   ├─ /feasibility/2026-08-29/index.html (+57ms) 
16:29:33   ├─ /feasibility/2026-08-28/index.html (+57ms) 
16:29:33   ├─ /feasibility/2026-08-27/index.html (+59ms) 
16:29:33   ├─ /feasibility/2026-08-26/index.html (+58ms) 
16:29:33   ├─ /feasibility/2026-08-25/index.html (+57ms) 
16:29:34   ├─ /feasibility/2026-08-24/index.html (+56ms) 
16:29:34   ├─ /feasibility/index.html (+57ms) 
16:29:34   ├─ /monthly/2026-08/index.html (+66ms) 
16:29:34   ├─ /monthly/2026-07/index.html (+56ms) 
16:29:34   ├─ /monthly/index.html (+57ms) 
16:29:34   ├─ /radar/2026-W38/index.html (+56ms) 
16:29:34   ├─ /radar/2026-W37/index.html (+55ms) 
16:29:34   ├─ /radar/2026-W36/index.html (+56ms) 
16:29:34   ├─ /radar/2026-W35/index.html (+56ms) 
16:29:34   ├─ /radar/2026-W34/index.html (+56ms) 
16:29:34   ├─ /radar/2026-W33/index.html (+56ms) 
16:29:34   ├─ /radar/2026-W32/index.html (+56ms) 
16:29:34   ├─ /radar/2026-W31/index.html (+55ms) 
16:29:34   ├─ /radar/2026-W30/index.html (+56ms) 
16:29:34   ├─ /radar/2026-W29/index.html (+57ms) 
16:29:34   ├─ /radar/2026-W28/index.html (+56ms) 
16:29:34   ├─ /radar/2026-W27/index.html (+59ms) 
16:29:34   ├─ /radar/index.html (+58ms) 
16:29:35   ├─ /weekly/2026-W38/index.html (+56ms) 
16:29:35   ├─ /weekly/2026-W37/index.html (+57ms) 
16:29:35   ├─ /weekly/2026-W36/index.html (+58ms) 
16:29:35   ├─ /weekly/2026-W35/index.html (+58ms) 
16:29:35   ├─ /weekly/2026-W34/index.html (+60ms) 
16:29:35   ├─ /weekly/2026-W33/index.html (+57ms) 
16:29:35   ├─ /weekly/2026-W32/index.html (+75ms) 
16:29:35   ├─ /weekly/2026-W31/index.html (+57ms) 
16:29:35   ├─ /weekly/2026-W30/index.html (+57ms) 
16:29:35   ├─ /weekly/2026-W29/index.html (+57ms) 
16:29:35   ├─ /weekly/2026-W28/index.html (+57ms) 
16:29:35   ├─ /weekly/2026-W27/index.html (+55ms) 
16:29:35   ├─ /weekly/index.html (+60ms) 
16:29:35   ├─ /index.html (+58ms) 
16:29:35 ✓ Completed in 7.75s.

16:29:35 [build] ✓ Completed in 7.90s.
16:29:35 [build] 131 page(s) built in 7.94s
16:29:35 [build] Complete!
